int main()
{
a int;
b String;
while (true) {
{
a = 1;
b = "gemma";
print(a);
print(b);
}
}}