Void main()
{
int_at a;
int out;
Edge b;
a = ["height": 6];
b add a;
out = b["height"];
}