Fatal error: exception Failure("Main method must return an void")