int testfunc()
{
int k;
k = 4;
k = g;
return k;
}

Void main()
{
int g;
int out;
out = 7;
if (out == 7)
{
int a;
out = 8;
}
testfunc();
}