Fatal error: exception Failure("While loop must evaluate on a boolean expression")