Fatal error: exception Failure("Operator + not compatible with expressions of type int and  String.")