Fatal error: exception Failure("Main method argument list must be empty")