Fatal error: exception Failure("Function main not found.")