int main()
{
func1();
func2();
}

int func2()
{
print(hi);
}

int func1()
{
bool be;
be = false;
}